Microchip MPLAB XC8 Compiler V2.40

Linker command line:

-W-3 \
  --edf=C:\Program Files\Microchip\xc8\v2.40\pic\dat\20220703182018_en.msgs \
  -cn -h+dist/default/production\ED2-Lab02.X.production.sym \
  --cmf=dist/default/production\ED2-Lab02.X.production.cmf -z -Q16F887 \
  -oC:\Users\Pablo\AppData\Local\Temp\xcAsmns.4 --defsym=__MPLAB_BUILD=1 \
  --fixupoverflow=error \
  -Mdist/default/production/ED2-Lab02.X.production.map \
  --md=C:\Users\Pablo\AppData\Local\Temp\xcAsmns.dat -E1 -ver=XC8 Compiler \
  --acfsm=1493 -ACODE=00h-07FFhx4 -ASTRCODE=00h-01FFFh -ASTRING=00h-0FFhx32 \
  -ACONST=00h-0FFhx32 -AENTRY=00h-0FFhx32 -ACOMMON=070h-07Fh \
  -ABANK0=020h-06Fh -ABANK1=0A0h-0EFh -ABANK2=0110h-016Fh \
  -ABANK3=0190h-01EFh -ARAM=020h-06Fh,0A0h-0EFh,0110h-016Fh,0190h-01EFh \
  -AABS1=020h-07Fh,0A0h-0EFh,0110h-016Fh,0190h-01EFh -ASFR0=00h-01Fh \
  -ASFR1=080h-09Fh -ASFR2=0100h-010Fh -ASFR3=0180h-018Fh \
  -ACONFIG=02007h-02008h -DCONFIG=2 -AIDLOC=02000h-02003h -DIDLOC=2 \
  -AEEDATA=00h-0FFh/02100h -peeprom_data=EEDATA -DEEDATA=2 -DCODE=2 \
  -DSTRCODE=2 -DSTRING=2 -DCONST=2 -DENTRY=2 \
  -preset_vec=00h,intentry=04h,init,end_init -ppowerup=CODE -pcinit=CODE \
  -pfunctab=ENTRY -k C:\Users\Pablo\AppData\Local\Temp\xcAsmns.o \
  dist/default/production\ED2-Lab02.X.production.o 

Object code version is 3.11

Machine type is 16F887



                Name                               Link     Load   Length Selector   Space Scale
C:\Users\Pablo\AppData\Local\Temp\xcAsmns.o
                end_init                              E        E        3        8       0
                reset_vec                             0        0        3        0       0
                config                             2007     2007        2        0       4
                idloc                              2000     2000        4        0       5
dist/default/production\ED2-Lab02.X.production.o
                cinit                                11       11       15        8       0
                intentry                              4        4        A        8       0
                config                             2007     2007        2        0       4
                idloc                              2000     2000        4        0       5
                text26                              7FB      7FB        4        8       0
                text25                              25F      25F       B8        8       0
                text24                              5C4      5C4       63        8       0
                text23                              7BB      7BB       40        8       0
                text22                              F7C      F7C       3E     1EF8       0
                text21                              F04      F04       3C     1E08       0
                text20                              E6B      E6B       19     1CD6       0
                text19                              E4C      E4C        7     1C98       0
                text18                              4FD      4FD       64        8       0
                text17                              EB9      EB9       22     1D72       0
                text16                              E53      E53       18     1CA6       0
                text15                              EDB      EDB       29     1DB6       0
                text14                              E9E      E9E       1B     1D3C       0
                text13                              682      682       58        8       0
                text12                              3B4      3B4       78        8       0
                text11                              E84      E84       1A     1D08       0
                text10                              42C      42C       69        8       0
                text9                               627      627       5B        8       0
                text8                               FBA      FBA       46     1F74       0
                text7                               F40      F40       3C     1E80       0
                text6                               561      561       63        8       0
                text5                               6DA      6DA       52        8       0
                text4                               317      317       9D        8       0
                text3                               72C      72C       48        8       0
                text2                               774      774       47        8       0
                text1                               495      495       68        8       0
                maintext                             26       26      239        8       0
                cstackBANK0                          20       20       30       20       1
                cstackCOMMON                         70       70        E       70       1
                bssBANK0                             50       50        F       20       1
                strings                             800      800       16     1000       0

TOTAL           Name                               Link     Load   Length     Space
        CLASS   CODE           
                end_init                              E        E        3         0
                cinit                                11       11       15         0
                intentry                              4        4        A         0
                reset_vec                             0        0        3         0
                text26                              7FB      7FB        4         0
                text25                              25F      25F       B8         0
                text24                              5C4      5C4       63         0
                text23                              7BB      7BB       40         0
                text22                              F7C      F7C       3E         0
                text21                              F04      F04       3C         0
                text20                              E6B      E6B       19         0
                text19                              E4C      E4C        7         0
                text18                              4FD      4FD       64         0
                text17                              EB9      EB9       22         0
                text16                              E53      E53       18         0
                text15                              EDB      EDB       29         0
                text14                              E9E      E9E       1B         0
                text13                              682      682       58         0
                text12                              3B4      3B4       78         0
                text11                              E84      E84       1A         0
                text10                              42C      42C       69         0
                text9                               627      627       5B         0
                text8                               FBA      FBA       46         0
                text7                               F40      F40       3C         0
                text6                               561      561       63         0
                text5                               6DA      6DA       52         0
                text4                               317      317       9D         0
                text3                               72C      72C       48         0
                text2                               774      774       47         0
                text1                               495      495       68         0
                maintext                             26       26      239         0

        CLASS   STRCODE        

        CLASS   STRING         
                strings                             800      800       16         0

        CLASS   CONST          

        CLASS   ENTRY          

        CLASS   COMMON         
                cstackCOMMON                         70       70        E         1

        CLASS   BANK0          
                cstackBANK0                          20       20       30         1
                bssBANK0                             50       50        F         1

        CLASS   BANK1          

        CLASS   BANK2          

        CLASS   BANK3          

        CLASS   RAM            

        CLASS   ABS1           
                abs_s1                               7E       7E        2         1

        CLASS   SFR0           

        CLASS   SFR1           

        CLASS   SFR2           

        CLASS   SFR3           

        CLASS   CONFIG         
                config                             2007     2007        2         4

        CLASS   IDLOC          
                idloc                              2000     2000        4         5

        CLASS   EEDATA         

        CLASS   STACK          



SEGMENTS        Name                           Load    Length   Top    Selector   Space  Class     Delta

                reset_vec                      000000  000003  000003         0       0  CODE        2
                intentry                       000004  0007FB  0007FF         8       0  CODE        2
                cstackBANK0                    000020  00003F  00005F        20       1  BANK0       1
                cstackCOMMON                   000070  00000E  00007E        70       1  COMMON      1
                strings                        000800  000016  000816      1000       0  STRING      2
                text19                         000E4C  000007  000E53      1C98       0  CODE        2
                text16                         000E53  000018  000E6B      1CA6       0  CODE        2
                text20                         000E6B  000019  000E84      1CD6       0  CODE        2
                text11                         000E84  00001A  000E9E      1D08       0  CODE        2
                text14                         000E9E  00001B  000EB9      1D3C       0  CODE        2
                text17                         000EB9  000022  000EDB      1D72       0  CODE        2
                text15                         000EDB  000029  000F04      1DB6       0  CODE        2
                text21                         000F04  00003C  000F40      1E08       0  CODE        2
                text7                          000F40  00003C  000F7C      1E80       0  CODE        2
                text22                         000F7C  00003E  000FBA      1EF8       0  CODE        2
                text8                          000FBA  000046  001000      1F74       0  CODE        2


UNUSED ADDRESS RANGES

        Name                Unused          Largest block    Delta
        BANK0            005F-006F             11           1
        BANK1            00A0-00EF             50           1
        BANK2            0110-016F             60           1
        BANK3            0190-01EF             60           1
        CODE             0003-0003              1           2
                         07FF-07FF              1
                         0816-0E4B            636
                         1000-1FFF            800
        CONST            0003-0003              1           2
                         07FF-07FF              1
                         0816-0E4B            100
                         1000-1FFF            100
        EEDATA           2100-21FF            100           2
        ENTRY            0003-0003              1           2
                         07FF-07FF              1
                         0816-0E4B            100
                         1000-1FFF            100
        RAM              005F-006F             11           1
                         00A0-00EF             50
                         0110-016F             60
                         0190-01EF             60
        SFR0             0000-001F             20           1
        SFR1             0080-009F             20           1
        SFR2             0100-010F             10           1
        SFR3             0180-018F             10           1
        STRCODE          0003-0003              1           2
                         07FF-07FF              1
                         0816-0E4B            636
                         1000-1FFF           1000
        STRING           0003-0003              1           2
                         07FF-07FF              1
                         0816-0E4B            100
                         1000-1FFF            100

                                  Symbol Table

?___aldiv                 cstackBANK0  0033
?___awdiv                 cstackBANK0  0026
?___awmod                 cstackBANK0  0026
?___fltol                 cstackBANK0  0026
?___lmul                  cstackBANK0  0026
?___lwdiv                 cstackBANK0  0026
?___lwmod                 cstackBANK0  0026
?___xxtofl                cstackCOMMON 0070
?_mapeo                   cstackBANK0  0042
ADC_config@channel        cstackBANK0  0026
ADC_read@channel          cstackBANK0  0026
Lcd_Cmd@a                 cstackBANK0  0028
Lcd_Port@a                cstackBANK0  0026
Lcd_Set_Cursor@a          cstackBANK0  002A
Lcd_Set_Cursor@b          cstackBANK0  0029
Lcd_Set_Cursor@temp       cstackBANK0  002B
Lcd_Write_Char@a          cstackBANK0  0028
Lcd_Write_String@a        cstackBANK0  002B
Lcd_Write_String@i        cstackBANK0  0029
UART_RX_config@baudrate   cstackBANK0  0026
UART_mode_config@mode     cstackBANK0  0026
_ADCON0bits               (abs)        001F
_ADCON1bits               (abs)        009F
_ADC_config               text23       07BB
_ADC_read                 text22       0F7C
_ADIF                     (abs)        0066
_ADRESH                   (abs)        001E
_ANSELH                   (abs)        0189
_ANSELbits                (abs)        0188
_BAUDCTLbits              (abs)        0187
_INTCONbits               (abs)        000B
_Lcd_Clear                text19       0E4C
_Lcd_Cmd                  text20       0E6B
_Lcd_Init                 text18       04FD
_Lcd_Port                 text21       0F04
_Lcd_Set_Cursor           text17       0EB9
_Lcd_Write_Char           text16       0E53
_Lcd_Write_String         text15       0EDB
_OSCCONbits               (abs)        008F
_PIE1bits                 (abs)        008C
_PIR1bits                 (abs)        000C
_PORTAbits                (abs)        0005
_PORTB                    (abs)        0006
_PORTBbits                (abs)        0006
_PORTC                    (abs)        0007
_PORTD                    (abs)        0008
_PORTDbits                (abs)        0008
_RB1                      (abs)        0031
_RCREG                    (abs)        001A
_RCSTAbits                (abs)        0018
_RD1                      (abs)        0041
_RD2                      (abs)        0042
_RD3                      (abs)        0043
_RD4                      (abs)        0044
_RD5                      (abs)        0045
_RD6                      (abs)        0046
_RD7                      (abs)        0047
_SPBRG                    (abs)        0099
_SPBRGH                   (abs)        009A
_TRISAbits                (abs)        0085
_TRISB                    (abs)        0086
_TRISC                    (abs)        0087
_TRISD                    (abs)        0088
_TXREG                    (abs)        0019
_TXSTAbits                (abs)        0098
_UART_RX_config           text14       0E9E
_UART_mode_config         text13       0682
_UART_read_char           text26       07FB
__Habs1                   abs1         0000
__Hbank0                  bank0        0000
__Hbank1                  bank1        0000
__Hbank2                  bank2        0000
__Hbank3                  bank3        0000
__HbssBANK0               bssBANK0     0000
__Hcinit                  cinit        0026
__Hclrtext                clrtext      0000
__Hcode                   code         0000
__Hcommon                 common       0000
__Hconfig                 config       2009
__HcstackBANK0            cstackBANK0  0000
__HcstackCOMMON           cstackCOMMON 0000
__Heeprom_data            eeprom_data  0000
__Hend_init               end_init     0011
__Hfunctab                functab      0000
__Hidloc                  idloc        2004
__Hinit                   init         000E
__Hintentry               intentry     000E
__Hmaintext               maintext     0000
__Hpowerup                powerup      0000
__Hram                    ram          0000
__Hreset_vec              reset_vec    0003
__Hsfr0                   sfr0         0000
__Hsfr1                   sfr1         0000
__Hsfr2                   sfr2         0000
__Hsfr3                   sfr3         0000
__Hspace_0                (abs)        1000
__Hspace_1                (abs)        007E
__Hspace_2                (abs)        0000
__Hspace_3                (abs)        0000
__Hspace_4                (abs)        4010
__Hstack                  stack        0000
__Hstrings                strings      0000
__Htext                   text         0000
__Labs1                   abs1         0000
__Lbank0                  bank0        0000
__Lbank1                  bank1        0000
__Lbank2                  bank2        0000
__Lbank3                  bank3        0000
__LbssBANK0               bssBANK0     0000
__Lcinit                  cinit        0011
__Lclrtext                clrtext      0000
__Lcode                   code         0000
__Lcommon                 common       0000
__Lconfig                 config       0000
__LcstackBANK0            cstackBANK0  0000
__LcstackCOMMON           cstackCOMMON 0000
__Leeprom_data            eeprom_data  0000
__Lend_init               end_init     000E
__Lfunctab                functab      0000
__Lidloc                  idloc        0000
__Linit                   init         000E
__Lintentry               intentry     0004
__Lmaintext               maintext     0000
__Lpowerup                powerup      0000
__Lram                    ram          0000
__Lreset_vec              reset_vec    0000
__Lsfr0                   sfr0         0000
__Lsfr1                   sfr1         0000
__Lsfr2                   sfr2         0000
__Lsfr3                   sfr3         0000
__Lspace_0                (abs)        0000
__Lspace_1                (abs)        0000
__Lspace_2                (abs)        0000
__Lspace_3                (abs)        0000
__Lspace_4                (abs)        0000
__Lstack                  stack        0000
__Lstrings                strings      0000
__Ltext                   text         0000
__S0                      (abs)        1000
__S1                      (abs)        007E
__S3                      (abs)        0000
___aldiv                  text4        0317
___aldiv@counter          cstackBANK0  003C
___aldiv@dividend         cstackBANK0  0037
___aldiv@divisor          cstackBANK0  0033
___aldiv@quotient         cstackBANK0  003E
___aldiv@sign             cstackBANK0  003D
___awdiv                  text10       042C
___awdiv@counter          cstackBANK0  002B
___awdiv@dividend         cstackBANK0  0028
___awdiv@divisor          cstackBANK0  0026
___awdiv@quotient         cstackBANK0  002D
___awdiv@sign             cstackBANK0  002C
___awmod                  text9        0627
___awmod@counter          cstackBANK0  002B
___awmod@dividend         cstackBANK0  0028
___awmod@divisor          cstackBANK0  0026
___awmod@sign             cstackBANK0  002C
___fltol                  text12       03B4
___fltol@exp1             cstackBANK0  002F
___fltol@f1               cstackBANK0  0026
___fltol@sign1            cstackBANK0  002E
___int_sp                 stack        0000
___latbits                (abs)        0002
___lmul                   text3        072C
___lmul@multiplicand      cstackBANK0  002A
___lmul@multiplier        cstackBANK0  0026
___lmul@product           cstackBANK0  002F
___lwdiv                  text8        0FBA
___lwdiv@counter          cstackBANK0  002D
___lwdiv@dividend         cstackBANK0  0028
___lwdiv@divisor          cstackBANK0  0026
___lwdiv@quotient         cstackBANK0  002B
___lwmod                  text7        0F40
___lwmod@counter          cstackBANK0  002B
___lwmod@dividend         cstackBANK0  0028
___lwmod@divisor          cstackBANK0  0026
___sp                     stack        0000
___stackhi                (abs)        0000
___stacklo                (abs)        0000
___xxtofl                 text25       025F
___xxtofl@arg             cstackCOMMON 007A
___xxtofl@exp             cstackCOMMON 0079
___xxtofl@sign            cstackCOMMON 0078
___xxtofl@val             cstackCOMMON 0070
__end_of_ADC_config       text23       07FB
__end_of_ADC_read         text22       0FBA
__end_of_Lcd_Clear        text19       0E53
__end_of_Lcd_Cmd          text20       0E84
__end_of_Lcd_Init         text18       0561
__end_of_Lcd_Port         text21       0F40
__end_of_Lcd_Set_Cursor   text17       0EDB
__end_of_Lcd_Write_Char   text16       0E6B
__end_of_Lcd_Write_String text15       0F04
__end_of_UART_RX_config   text14       0EB9
__end_of_UART_mode_config text13       06DA
__end_of_UART_read_char   text26       07FF
__end_of___aldiv          text4        03B4
__end_of___awdiv          text10       0495
__end_of___awmod          text9        0682
__end_of___fltol          text12       042C
__end_of___lmul           text3        0774
__end_of___lwdiv          text8        1000
__end_of___lwmod          text7        0F7C
__end_of___xxtofl         text25       0317
__end_of__initialization  cinit        0022
__end_of__stringtab       strings      0806
__end_of_configpuertos    text11       0E9E
__end_of_descomponer      text6        05C4
__end_of_inttochar        text5        072C
__end_of_isr              text24       0627
__end_of_main             maintext     025F
__end_of_mapeo            text2        07BB
__end_of_setupINTOSC      text1        04FD
__initialization          cinit        0011
__pbssBANK0               bssBANK0     0050
__pcstackBANK0            cstackBANK0  0020
__pcstackCOMMON           cstackCOMMON 0070
__pintentry               intentry     0004
__pmaintext               maintext     0026
__pstrings                strings      0800
__ptext1                  text1        0495
__ptext10                 text10       042C
__ptext11                 text11       0E84
__ptext12                 text12       03B4
__ptext13                 text13       0682
__ptext14                 text14       0E9E
__ptext15                 text15       0EDB
__ptext16                 text16       0E53
__ptext17                 text17       0EB9
__ptext18                 text18       04FD
__ptext19                 text19       0E4C
__ptext2                  text2        0774
__ptext20                 text20       0E6B
__ptext21                 text21       0F04
__ptext22                 text22       0F7C
__ptext23                 text23       07BB
__ptext24                 text24       05C4
__ptext25                 text25       025F
__ptext26                 text26       07FB
__ptext3                  text3        072C
__ptext4                  text4        0317
__ptext5                  text5        06DA
__ptext6                  text6        0561
__ptext7                  text7        0F40
__ptext8                  text8        0FBA
__ptext9                  text9        0627
__stringbase              strings      0805
__stringtab               strings      0800
_centesimas               bssBANK0     005A
_configpuertos            text11       0E84
_cont                     bssBANK0     005E
_decimas                  bssBANK0     005B
_descomponer              text6        0561
_indicador                bssBANK0     005D
_inttochar                text5        06DA
_isr                      text24       05C4
_lecADC0                  bssBANK0     0050
_lecADC1                  bssBANK0     0058
_main                     maintext     0026
_mapeo                    text2        0774
_setupINTOSC              text1        0495
_unidades                 bssBANK0     005C
_valADC0                  bssBANK0     0056
_valADC1                  bssBANK0     0054
btemp                     (abs)        007E
descomponer@cent          cstackBANK0  0035
descomponer@dec           cstackBANK0  0037
descomponer@num           cstackBANK0  0031
descomponer@pos           cstackBANK0  002F
descomponer@uni           cstackBANK0  0036
end_of_initialization     cinit        0022
interrupt_function        intentry     0004
intlevel0                 functab      0000
intlevel1                 functab      0000
intlevel2                 functab      0000
intlevel3                 functab      0000
intlevel4                 functab      0000
intlevel5                 functab      0000
inttochar@num             cstackBANK0  0026
mapeo@inmax               cstackBANK0  0043
mapeo@inmin               cstackBANK0  0042
mapeo@outmax              cstackBANK0  0045
mapeo@outmin              cstackBANK0  0044
mapeo@resultado           cstackBANK0  004B
mapeo@valor               cstackBANK0  004D
reset_vec                 reset_vec    0000
saved_w                   (abs)        007E
setupINTOSC@IRCF          cstackBANK0  0026
start                     init         000E
start_initialization      cinit        0011
wtemp0                    (abs)        007E


MODULE INFORMATION

Module		Function		Class		Link	Load	Size
C:\Program Files\Microchip\xc8\v2.40\pic\sources\c90\common\fltol.c
		___fltol       		CODE           	03B4	0000	120

C:\Program Files\Microchip\xc8\v2.40\pic\sources\c90\common\fltol.c estimated size: 120

conversiones.c
		_inttochar     		CODE           	06DA	0000	82
		_descomponer   		CODE           	0561	0000	99
		_mapeo         		CODE           	0774	0000	71

conversiones.c estimated size: 252

C:\Program Files\Microchip\xc8\v2.40\pic\sources\c90\common\awdiv.c
		___awdiv       		CODE           	042C	0000	105

C:\Program Files\Microchip\xc8\v2.40\pic\sources\c90\common\awdiv.c estimated size: 105

setupADC.c
		_ADC_config    		CODE           	07BB	0000	64
		_ADC_read      		CODE           	0F7C	0000	62

setupADC.c estimated size: 126

C:\Program Files\Microchip\xc8\v2.40\pic\sources\c90\common\aldiv.c
		___aldiv       		CODE           	0317	0000	157

C:\Program Files\Microchip\xc8\v2.40\pic\sources\c90\common\aldiv.c estimated size: 157

confpuertos.c
		_configpuertos 		CODE           	0E84	0000	26

confpuertos.c estimated size: 26

oscilador.c
		_setupINTOSC   		CODE           	0495	0000	104

oscilador.c estimated size: 104

C:\Program Files\Microchip\xc8\v2.40\pic\sources\c90\common\lwmod.c
		___lwmod       		CODE           	0F40	0000	60

C:\Program Files\Microchip\xc8\v2.40\pic\sources\c90\common\lwmod.c estimated size: 60

shared
		__stringtab    		STRING         	0800	0000	6
		__initialization		CODE           	0011	0000	17

shared estimated size: 23

C:\Program Files\Microchip\xc8\v2.40\pic\sources\c90\common\awmod.c
		___awmod       		CODE           	0627	0000	91

C:\Program Files\Microchip\xc8\v2.40\pic\sources\c90\common\awmod.c estimated size: 91

setupUART.c
		_UART_mode_config		CODE           	0682	0000	88
		_UART_read_char		CODE           	07FB	0000	4
		_UART_RX_config		CODE           	0E9E	0000	27

setupUART.c estimated size: 119

C:\Program Files\Microchip\xc8\v2.40\pic\sources\c90\common\Umul32.c
		___lmul        		CODE           	072C	0000	72

C:\Program Files\Microchip\xc8\v2.40\pic\sources\c90\common\Umul32.c estimated size: 72

main.c
		_main          		CODE           	0026	0000	569
		_isr           		CODE           	05C4	0000	99

main.c estimated size: 668

C:\Program Files\Microchip\xc8\v2.40\pic\sources\c90\common\lwdiv.c
		___lwdiv       		CODE           	0FBA	0000	70

C:\Program Files\Microchip\xc8\v2.40\pic\sources\c90\common\lwdiv.c estimated size: 70

C:\Program Files\Microchip\xc8\v2.40\pic\sources\c90\common\xxtofl.c
		___xxtofl      		CODE           	025F	0000	184

C:\Program Files\Microchip\xc8\v2.40\pic\sources\c90\common\xxtofl.c estimated size: 184

LCD.c
		_Lcd_Write_String		CODE           	0EDB	0000	41
		_Lcd_Init      		CODE           	04FD	0000	100
		_Lcd_Write_Char		CODE           	0E53	0000	24
		_Lcd_Cmd       		CODE           	0E6B	0000	25
		_Lcd_Set_Cursor		CODE           	0EB9	0000	34
		_Lcd_Clear     		CODE           	0E4C	0000	7
		_Lcd_Port      		CODE           	0F04	0000	60

LCD.c estimated size: 291

